// Jest Snapshot v1, https://goo.gl/fbAQLP

exports[`should render TvShowList component with the list of tvShows 1`] = `<Fragment />`;
